0,4,NORTH
0,4,NORTH
4,4,EAST
4,4,EAST
4,0,SOUTH
4,0,SOUTH
0,0,WEST